2026-10-08T18:59:04.2806019Z Current runner version: '2.337.0'
2026-10-08T18:59:04.2832263Z ##[group]Runner Image Provisioner
2026-10-08T18:59:04.2833234Z Hosted Compute Agent
2026-10-08T18:59:04.2833901Z Version: 20261002.596
2026-10-08T18:59:04.2834656Z Commit: c3d12f3313a95f25162a1503be624f3b0617f8c0
2026-10-08T18:59:04.2835410Z Build Date: 2026-10-02T22:28:27Z
2026-10-08T18:59:04.2836102Z Worker ID: {8d8b7ce4-b7ce-4433-b415-8269b7107831}
2026-10-08T18:59:04.2836888Z Region: westus
2026-10-08T18:59:04.2837457Z Cloud: Azure
2026-10-08T18:59:04.2838049Z ##[endgroup]
2026-10-08T18:59:04.2839579Z ##[group]Operating System
2026-10-08T18:59:04.2840283Z Ubuntu
2026-10-08T18:59:04.2841107Z 24.04.5
2026-10-08T18:59:04.2841714Z LTS
2026-10-08T18:59:04.2842312Z ##[endgroup]
2026-10-08T18:59:04.2842974Z ##[group]Runner Image
2026-10-08T18:59:04.2843584Z Image: ubuntu-24.04
2026-10-08T18:59:04.2844192Z Version: 20261004.327.1
2026-10-08T18:59:04.2845526Z Included Software: https://github.com/actions/runner-images/blob/ubuntu24/20261004.327/images/ubuntu/Ubuntu2404-Readme.md
2026-10-08T18:59:04.2847174Z Image Release: https://github.com/actions/runner-images/releases/tag/ubuntu24%2F20261004.327
2026-10-08T18:59:04.2848175Z ##[endgroup]
2026-10-08T18:59:04.2849412Z ##[group]GITHUB_TOKEN Permissions
2026-10-08T18:59:04.2851803Z Actions: read
2026-10-08T18:59:04.2852503Z Contents: read
2026-10-08T18:59:04.2853111Z Metadata: read
2026-10-08T18:59:04.2853669Z ##[endgroup]
2026-10-08T18:59:04.2855784Z Secret source: Actions
2026-10-08T18:59:04.2856804Z Cache mode: write
2026-10-08T18:59:04.2858065Z Prepare workflow directory
2026-10-08T18:59:04.3264882Z Prepare all required actions
2026-10-08T18:59:04.3314835Z Getting action download info
2026-10-08T18:59:04.7072768Z Download action repository 'actions/checkout@v4' (SHA:11d5960a326750d5838078e36cf38b85af677262)
2026-10-08T18:59:04.8114004Z Download action repository 'actions/setup-node@v4' (SHA:49933ea5288caeca8642d1e84afbd3f7d6820020)
2026-10-08T18:59:04.9113465Z Download action repository 'actions/setup-java@v4' (SHA:cf277c60eb25467037889841efdb72551f06f6c3)
2026-10-08T18:59:05.5313094Z Download action repository 'actions/cache@v4' (SHA:0057852bfaa89a56745cba8c7296529d2fc39830)
2026-10-08T18:59:05.6251508Z Download action repository 'gradle/actions@v4' (SHA:ed408507eac070d1f99cc633dbcf757c94c7933a)
2026-10-08T18:59:06.9558170Z Download action repository 'actions/upload-artifact@v4' (SHA:ea165f8d65b6e75b540449e92b4886f43607fa02)
2026-10-08T18:59:07.2317315Z Complete job name: build
2026-10-08T18:59:07.3219542Z ##[group]Run actions/checkout@v4
2026-10-08T18:59:07.3220215Z with:
2026-10-08T18:59:07.3220501Z   repository: xgl34222220-ops/hetu
2026-10-08T18:59:07.3223537Z   token: ***
2026-10-08T18:59:07.3223821Z   ssh-strict: true
2026-10-08T18:59:07.3224085Z   ssh-user: git
2026-10-08T18:59:07.3224365Z   persist-credentials: true
2026-10-08T18:59:07.3224661Z   clean: true
2026-10-08T18:59:07.3224931Z   sparse-checkout-cone-mode: true
2026-10-08T18:59:07.3225246Z   fetch-depth: 1
2026-10-08T18:59:07.3225503Z   fetch-tags: false
2026-10-08T18:59:07.3225789Z   show-progress: true
2026-10-08T18:59:07.3226050Z   lfs: false
2026-10-08T18:59:07.3226291Z   submodules: false
2026-10-08T18:59:07.3226549Z   set-safe-directory: true
2026-10-08T18:59:07.3226851Z   allow-unsafe-pr-checkout: false
2026-10-08T18:59:07.3227406Z env:
2026-10-08T18:59:07.3227756Z   HETU_TEST_KEYSTORE: /home/runner/.android/hetu-ui10-debug.jks
2026-10-08T18:59:07.3228149Z ##[endgroup]
2026-10-08T18:59:07.4290878Z Syncing repository: xgl34222220-ops/hetu
2026-10-08T18:59:07.4292860Z ##[group]Getting Git version info
2026-10-08T18:59:07.4293472Z Working directory is '/home/runner/work/hetu/hetu'
2026-10-08T18:59:07.4294250Z [command]/usr/bin/git version
2026-10-08T18:59:07.4391934Z git version 2.55.0
2026-10-08T18:59:07.4416566Z ##[endgroup]
2026-10-08T18:59:07.4435305Z Temporarily overriding HOME='/home/runner/work/_temp/cbe1663e-e25d-4aa7-87a4-39e4a22e0317' before making global git config changes
2026-10-08T18:59:07.4437171Z Adding repository directory to the temporary git global config as a safe directory
2026-10-08T18:59:07.4442019Z [command]/usr/bin/git config --global --add safe.directory /home/runner/work/hetu/hetu
2026-10-08T18:59:07.4554143Z Deleting the contents of '/home/runner/work/hetu/hetu'
2026-10-08T18:59:07.4558385Z ##[group]Initializing the repository
2026-10-08T18:59:07.4564121Z [command]/usr/bin/git init /home/runner/work/hetu/hetu
2026-10-08T18:59:07.4685518Z hint: Using 'master' as the name for the initial branch. This default branch name
2026-10-08T18:59:07.4689595Z hint: will change to "main" in Git 3.0. To configure the initial branch name
2026-10-08T18:59:07.4700505Z hint: to use in all of your new repositories, which will suppress this warning,
2026-10-08T18:59:07.4701614Z hint: call:
2026-10-08T18:59:07.4702028Z hint:
2026-10-08T18:59:07.4702560Z hint: 	git config --global init.defaultBranch <name>
2026-10-08T18:59:07.4702960Z hint:
2026-10-08T18:59:07.4703330Z hint: Names commonly chosen instead of 'master' are 'main', 'trunk' and
2026-10-08T18:59:07.4703958Z hint: 'development'. The just-created branch can be renamed via this command:
2026-10-08T18:59:07.4705117Z hint:
2026-10-08T18:59:07.4705918Z hint: 	git branch -m <name>
2026-10-08T18:59:07.4706780Z hint:
2026-10-08T18:59:07.4707953Z hint: Disable this message with "git config set advice.defaultBranchName false"
2026-10-08T18:59:07.4709964Z Initialized empty Git repository in /home/runner/work/hetu/hetu/.git/
2026-10-08T18:59:07.4713090Z [command]/usr/bin/git remote add origin https://github.com/xgl34222220-ops/hetu
2026-10-08T18:59:07.4761664Z ##[endgroup]
2026-10-08T18:59:07.4762458Z ##[group]Disabling automatic garbage collection
2026-10-08T18:59:07.4766064Z [command]/usr/bin/git config --local gc.auto 0
2026-10-08T18:59:07.4802195Z ##[endgroup]
2026-10-08T18:59:07.4803054Z ##[group]Setting up auth
2026-10-08T18:59:07.4812609Z [command]/usr/bin/git config --local --name-only --get-regexp core\.sshCommand
2026-10-08T18:59:07.4850396Z [command]/usr/bin/git submodule foreach --recursive sh -c "git config --local --name-only --get-regexp 'core\.sshCommand' && git config --local --unset-all 'core.sshCommand' || :"
2026-10-08T18:59:07.5222102Z [command]/usr/bin/git config --local --name-only --get-regexp http\.https\:\/\/github\.com\/\.extraheader
2026-10-08T18:59:07.5260951Z [command]/usr/bin/git submodule foreach --recursive sh -c "git config --local --name-only --get-regexp 'http\.https\:\/\/github\.com\/\.extraheader' && git config --local --unset-all 'http.https://github.com/.extraheader' || :"
2026-10-08T18:59:07.5486404Z [command]/usr/bin/git config --local --name-only --get-regexp ^includeIf\.gitdir:
2026-10-08T18:59:07.5522886Z [command]/usr/bin/git submodule foreach --recursive git config --local --show-origin --name-only --get-regexp remote.origin.url
2026-10-08T18:59:07.5748696Z [command]/usr/bin/git config --local http.https://github.com/.extraheader AUTHORIZATION: basic ***
2026-10-08T18:59:07.5790518Z ##[endgroup]
2026-10-08T18:59:07.5792105Z ##[group]Fetching the repository
2026-10-08T18:59:07.5801395Z [command]/usr/bin/git -c protocol.version=2 fetch --no-tags --prune --no-recurse-submodules --depth=1 origin +f25ef407c7070bd09faf4b1bf406a202df96b946:refs/remotes/origin/test/v20.76-new-ui
2026-10-08T18:59:08.9225819Z From https://github.com/xgl34222220-ops/hetu
2026-10-08T18:59:08.9226835Z  * [new ref]         f25ef407c7070bd09faf4b1bf406a202df96b946 -> origin/test/v20.76-new-ui
2026-10-08T18:59:08.9233234Z ##[endgroup]
2026-10-08T18:59:08.9234047Z ##[group]Determining the checkout info
2026-10-08T18:59:08.9236641Z ##[endgroup]
2026-10-08T18:59:08.9244507Z [command]/usr/bin/git sparse-checkout disable
2026-10-08T18:59:08.9297408Z [command]/usr/bin/git config --local --unset-all extensions.worktreeConfig
2026-10-08T18:59:08.9332563Z ##[group]Checking out the ref
2026-10-08T18:59:08.9338624Z [command]/usr/bin/git checkout --progress --force -B test/v20.76-new-ui refs/remotes/origin/test/v20.76-new-ui
2026-10-08T18:59:09.1177848Z Switched to a new branch 'test/v20.76-new-ui'
2026-10-08T18:59:09.1182706Z branch 'test/v20.76-new-ui' set up to track 'origin/test/v20.76-new-ui'.
2026-10-08T18:59:09.1198316Z ##[endgroup]
2026-10-08T18:59:09.1247344Z [command]/usr/bin/git log -1 --format=%H
2026-10-08T18:59:09.1283644Z f25ef407c7070bd09faf4b1bf406a202df96b946
2026-10-08T18:59:09.1549808Z ##[group]Run actions/setup-node@v4
2026-10-08T18:59:09.1550161Z with:
2026-10-08T18:59:09.1550366Z   node-version: 24
2026-10-08T18:59:09.1550584Z   always-auth: false
2026-10-08T18:59:09.1551165Z   check-latest: false
2026-10-08T18:59:09.1553823Z   token: ***
2026-10-08T18:59:09.1554034Z env:
2026-10-08T18:59:09.1554306Z   HETU_TEST_KEYSTORE: /home/runner/.android/hetu-ui10-debug.jks
2026-10-08T18:59:09.1554650Z ##[endgroup]
2026-10-08T18:59:09.2988496Z Found in cache @ /opt/hostedtoolcache/node/24.21.0/x64
2026-10-08T18:59:09.2993089Z (node:2312) [DEP0040] DeprecationWarning: The `punycode` module is deprecated. Please use a userland alternative instead.
2026-10-08T18:59:09.2994067Z (Use `node --trace-deprecation ...` to show where the warning was created)
2026-10-08T18:59:09.2995710Z ##[group]Environment details
2026-10-08T18:59:09.7378502Z node: v24.21.0
2026-10-08T18:59:09.7379276Z npm: 11.19.0
2026-10-08T18:59:09.7379681Z yarn: 1.22.22
2026-10-08T18:59:09.7381018Z ##[endgroup]
2026-10-08T18:59:09.7523274Z ##[group]Run set -euo pipefail
2026-10-08T18:59:09.7523658Z [36;1mset -euo pipefail[0m
2026-10-08T18:59:09.7523948Z [36;1mmkdir -p out/verification[0m
2026-10-08T18:59:09.7524522Z [36;1mpython3 .github/scripts/test_install_hetu_ci_sdk.py -v 2>&1 | tee out/verification/sdk-installer-host-tests.txt[0m
2026-10-08T18:59:09.7772013Z shell: /usr/bin/bash -e {0}
2026-10-08T18:59:09.7772321Z env:
2026-10-08T18:59:09.7772642Z   HETU_TEST_KEYSTORE: /home/runner/.android/hetu-ui10-debug.jks
2026-10-08T18:59:09.7773040Z ##[endgroup]
2026-10-08T18:59:09.9452632Z test_actual_command_line_propagates_nonzero_exit_without_reaching_another_attempt (__main__.SdkInstallerTests.test_actual_command_line_propagates_nonzero_exit_without_reaching_another_attempt) ... ok
2026-10-08T18:59:10.0031191Z test_actual_zip_failure_then_success_preserves_both_attempts_and_arguments (__main__.SdkInstallerTests.test_actual_zip_failure_then_success_preserves_both_attempts_and_arguments) ... ok
2026-10-08T18:59:10.0899503Z test_exhausted_zip_failure_stops_at_three_and_keeps_the_final_nonzero (__main__.SdkInstallerTests.test_exhausted_zip_failure_stops_at_three_and_keeps_the_final_nonzero) ... ok
2026-10-08T18:59:10.0905788Z test_existing_evidence_is_not_deleted_or_overwritten (__main__.SdkInstallerTests.test_existing_evidence_is_not_deleted_or_overwritten) ... ok
2026-10-08T18:59:10.1776494Z test_known_download_reset_and_server_error_retry_without_argument_changes (__main__.SdkInstallerTests.test_known_download_reset_and_server_error_retry_without_argument_changes) ... ok
2026-10-08T18:59:10.3260785Z test_license_disk_package_and_java_errors_override_archive_retry (__main__.SdkInstallerTests.test_license_disk_package_and_java_errors_override_archive_retry) ... ok
2026-10-08T18:59:10.3563123Z test_nontransient_failure_does_not_reach_a_later_success (__main__.SdkInstallerTests.test_nontransient_failure_does_not_reach_a_later_success) ... ok
2026-10-08T18:59:10.3571400Z test_only_the_exact_original_packages_are_allowed (__main__.SdkInstallerTests.test_only_the_exact_original_packages_are_allowed) ... ok
2026-10-08T18:59:10.4405329Z test_process_timeout_is_preserved_and_is_not_inferred_to_be_a_transient_download (__main__.SdkInstallerTests.test_process_timeout_is_preserved_and_is_not_inferred_to_be_a_transient_download) ... ok
2026-10-08T18:59:10.4704716Z test_success_executes_once_and_keeps_combined_stdout_stderr_raw_bytes (__main__.SdkInstallerTests.test_success_executes_once_and_keeps_combined_stdout_stderr_raw_bytes) ... ok
2026-10-08T18:59:10.5577685Z test_unknown_error_or_archive_text_without_sdk_download_context_is_not_retried (__main__.SdkInstallerTests.test_unknown_error_or_archive_text_without_sdk_download_context_is_not_retried) ... ok
2026-10-08T18:59:10.5579336Z 
2026-10-08T18:59:10.5579780Z ----------------------------------------------------------------------
2026-10-08T18:59:10.5580401Z Ran 11 tests in 0.711s
2026-10-08T18:59:10.5580884Z 
2026-10-08T18:59:10.5581060Z OK
2026-10-08T18:59:10.5716665Z ##[group]Run set -euo pipefail
2026-10-08T18:59:10.5717078Z [36;1mset -euo pipefail[0m
2026-10-08T18:59:10.5717511Z [36;1mgit fetch --no-tags --depth=1 origin 1dbe40cc4e312c230524092dfe32a2c6cfb5f25d[0m
2026-10-08T18:59:10.5718092Z [36;1mgit fetch --no-tags --depth=1 origin 2730954591393c1b81f747cef72adb8940c5a82c[0m
2026-10-08T18:59:10.5718687Z [36;1mgit fetch --no-tags --depth=1 origin ec211b9ad81748dee30fec43f0a25849559e4623[0m
2026-10-08T18:59:10.5719244Z [36;1mgit fetch --no-tags --depth=1 origin 610a523ea524dff521b5d01e7aa78c421399594a[0m
2026-10-08T18:59:10.5719871Z [36;1mgit fetch --no-tags --depth=1 origin 9769663edcda3a1c33f2eb2594a6b4fd9b4e2a6f[0m
2026-10-08T18:59:10.5720463Z [36;1mgit fetch --no-tags --depth=1 origin 9fe4931b6e37a1a7f7f78fd27835069e2b354aa7[0m
2026-10-08T18:59:10.5721346Z [36;1mgit fetch --no-tags --depth=1 origin d7295d1aec1ffb17a0076d4dc9a8a4122d467447[0m
2026-10-08T18:59:10.5721965Z [36;1mgit fetch --no-tags --depth=1 origin cffeff08ee38c7220922bdb36de81b621c935daf[0m
2026-10-08T18:59:10.5722528Z [36;1mgit fetch --no-tags --depth=1 origin 5af355d19fc41c3ae09902ca45fa1d70562ac402[0m
2026-10-08T18:59:10.5723045Z [36;1mpython3 .github/scripts/continuity93_ci_config.py export[0m
2026-10-08T18:59:10.5785151Z shell: /usr/bin/bash -e {0}
2026-10-08T18:59:10.5785447Z env:
2026-10-08T18:59:10.5785751Z   HETU_TEST_KEYSTORE: /home/runner/.android/hetu-ui10-debug.jks
2026-10-08T18:59:10.5786121Z ##[endgroup]
2026-10-08T18:59:11.1492502Z From https://github.com/xgl34222220-ops/hetu
2026-10-08T18:59:11.1493394Z  * branch            1dbe40cc4e312c230524092dfe32a2c6cfb5f25d -> FETCH_HEAD
2026-10-08T18:59:11.8803116Z From https://github.com/xgl34222220-ops/hetu
2026-10-08T18:59:11.8804146Z  * branch            2730954591393c1b81f747cef72adb8940c5a82c -> FETCH_HEAD
2026-10-08T18:59:12.5576328Z From https://github.com/xgl34222220-ops/hetu
2026-10-08T18:59:12.5576943Z  * branch            ec211b9ad81748dee30fec43f0a25849559e4623 -> FETCH_HEAD
2026-10-08T18:59:13.3412139Z From https://github.com/xgl34222220-ops/hetu
2026-10-08T18:59:13.3412745Z  * branch            610a523ea524dff521b5d01e7aa78c421399594a -> FETCH_HEAD
2026-10-08T18:59:13.8793942Z From https://github.com/xgl34222220-ops/hetu
2026-10-08T18:59:13.8794521Z  * branch            9769663edcda3a1c33f2eb2594a6b4fd9b4e2a6f -> FETCH_HEAD
2026-10-08T18:59:14.2634227Z From https://github.com/xgl34222220-ops/hetu
2026-10-08T18:59:14.2634756Z  * branch            9fe4931b6e37a1a7f7f78fd27835069e2b354aa7 -> FETCH_HEAD
2026-10-08T18:59:14.6425137Z From https://github.com/xgl34222220-ops/hetu
2026-10-08T18:59:14.6425977Z  * branch            d7295d1aec1ffb17a0076d4dc9a8a4122d467447 -> FETCH_HEAD
2026-10-08T18:59:15.0066421Z From https://github.com/xgl34222220-ops/hetu
2026-10-08T18:59:15.0091920Z  * branch            cffeff08ee38c7220922bdb36de81b621c935daf -> FETCH_HEAD
2026-10-08T18:59:15.5028262Z From https://github.com/xgl34222220-ops/hetu
2026-10-08T18:59:15.5029153Z  * branch            5af355d19fc41c3ae09902ca45fa1d70562ac402 -> FETCH_HEAD
2026-10-08T18:59:28.6865664Z {"HETU_EXPECTED_TESTS": 706, "HETU_EXPECTED_TEST_XML_FILES": 77, "HETU_EXPECTED_VERSION": 2093, "HETU_EXPECTED_VERSION_NAME": "0.12.20-v20-glass"}
2026-10-08T18:59:28.7033146Z ##[group]Run set -euo pipefail
2026-10-08T18:59:28.7033520Z [36;1mset -euo pipefail[0m
2026-10-08T18:59:28.7033824Z [36;1mmkdir -p "$RUNNER_TEMP/hetu-v2081-source"[0m
2026-10-08T18:59:28.7034504Z [36;1mgh run download 37171744564 --repo "$GITHUB_REPOSITORY" --name Hetu-V20.81-effective-source --dir "$RUNNER_TEMP/hetu-v2081-source"[0m
2026-10-08T18:59:28.7035267Z [36;1mARCHIVE="$RUNNER_TEMP/hetu-v2081-source/Hetu-V20.81-effective-source.tar.gz"[0m
2026-10-08T18:59:28.7035850Z [36;1m# Only ignored native binaries are restored; all effective source is checked in.[0m
2026-10-08T18:59:28.7036470Z [36;1mpython3 - "$ARCHIVE" <<'PYINNER'[0m
2026-10-08T18:59:28.7036761Z [36;1mimport hashlib,sys,tarfile[0m
2026-10-08T18:59:28.7037037Z [36;1mfrom pathlib import Path[0m
2026-10-08T18:59:28.7037299Z [36;1mp=Path(sys.argv[1])[0m
2026-10-08T18:59:28.7037886Z [36;1massert hashlib.sha256(p.read_bytes()).hexdigest()=='6190b4fd4fcd011cae77e81cdd33b5270e557194c56bf88d0a824d74d811b730'[0m
2026-10-08T18:59:28.7038466Z [36;1mwith tarfile.open(p) as z:[0m
2026-10-08T18:59:28.7038745Z [36;1m for m in z.getmembers():[0m
2026-10-08T18:59:28.7039589Z [36;1m  if m.isfile() and (m.name.startswith('android-app/app/src/main/jniLibs/') or m.name.startswith('android-app/app/src/main/assets/mihomo-root/') or m.name=='android-app/app/src/main/assets/mihomo-revision.txt'):[0m
2026-10-08T18:59:28.7040856Z [36;1m   q=Path(m.name);q.parent.mkdir(parents=True,exist_ok=True);q.write_bytes(z.extractfile(m).read())[0m
2026-10-08T18:59:28.7041357Z [36;1mPYINNER[0m
2026-10-08T18:59:28.7041662Z [36;1mpython3 .github/scripts/prepare_new_ui_source.py "$ARCHIVE"[0m
2026-10-08T18:59:28.7042149Z [36;1mpython3 .github/scripts/continuity93_ci_config.py runtime-snapshot[0m
2026-10-08T18:59:28.7042606Z [36;1msh -n android-app/app/src/main/assets/hetu-root.sh[0m
2026-10-08T18:59:28.7043013Z [36;1msh -n android-app/app/src/main/assets/hetu-autostart.sh[0m
2026-10-08T18:59:28.7043529Z [36;1mpython3 tools/qa/test_root_health.py 2>&1 | tee out/verification/root-health-tests.txt[0m
2026-10-08T18:59:28.7044174Z [36;1mpython3 tools/qa/test_google_firewall.py 2>&1 | tee out/verification/google-firewall-tests.txt[0m
2026-10-08T18:59:28.7044827Z [36;1mpython3 tools/qa/test_root_autostart.py 2>&1 | tee out/verification/root-autostart-tests.txt[0m
2026-10-08T18:59:28.7045718Z [36;1mpython3 tools/qa/test_network_recovery_stress.py --before out/verification/v2078-network-service.java --output out/verification/network-recovery-stress.json[0m
2026-10-08T18:59:28.7046844Z [36;1mpython3 tools/qa/test_network_journal_stress.py --before out/verification/v2079-network-journal.java --output out/verification/network-journal-stress.json[0m
2026-10-08T18:59:28.7047996Z [36;1mpython3 tools/qa/test_network_journal_symbols.py --before out/verification/v2080-network-journal.java --output out/verification/network-journal-symbols.json[0m
2026-10-08T18:59:28.7049068Z [36;1mgit show 9769663edcda3a1c33f2eb2594a6b4fd9b4e2a6f:android-app/app/src/main/assets/hetu-root.sh > out/verification/runtime152-before.sh[0m
2026-10-08T18:59:28.7050133Z [36;1mHETU_R152_SOURCE="$PWD/out/verification/runtime152-before.sh" python3 tools/qa/test_core_identity_dns.py 2>&1 | tee out/verification/core-identity-dns-tests.txt[0m
2026-10-08T18:59:28.7112876Z shell: /usr/bin/bash -e {0}
2026-10-08T18:59:28.7113137Z env:
2026-10-08T18:59:28.7113426Z   HETU_TEST_KEYSTORE: /home/runner/.android/hetu-ui10-debug.jks
2026-10-08T18:59:28.7113805Z   HETU_EXPECTED_TESTS: 706
2026-10-08T18:59:28.7114059Z   HETU_EXPECTED_TEST_XML_FILES: 77
2026-10-08T18:59:28.7114334Z   HETU_EXPECTED_VERSION: 2093
2026-10-08T18:59:28.7114606Z   HETU_EXPECTED_VERSION_NAME: 0.12.20-v20-glass
2026-10-08T18:59:28.7117495Z   GH_TOKEN: ***
2026-10-08T18:59:28.7117726Z ##[endgroup]
2026-10-08T18:59:53.8132716Z {"baseCommit": "37e963d488a38900263e33cb8b2047f487bd6dcf", "baseRun": 37171744564, "archiveSha256": "6190b4fd4fcd011cae77e81cdd33b5270e557194c56bf88d0a824d74d811b730", "integrationPatchSha256": "3f08f86d8413c9a905de1eae0c5347e8f7c5dd4032ee4a8e6181d439abda7002", "baselineFiles": 307, "changedOrAddedFiles": 31, "checkoutMatchesGeneratedSource": true, "historicPatchesAppliedToCheckout": false, "presentationLayer": {"baseCommit": "aa599a53856fb26b4d256ba345a496b2a178b3b8", "baseRun": 37211142058, "patchSha256": "a466e4fce0e2e4ec9564760a1089b250f24d90032b123faea90fcee4c241e514", "changedOrAddedFiles": 68, "protectedRuntimeUnchanged": true}, "controllerAuthenticationLayer": {"baseCommit": "a93a756d8578cf3afa60ee090405535ad097e49e", "baseRun": 37240041766, "baseAndroidAppTree": "2c698fb681f647e4c3a1d0050bf806a9f4cc5de2", "patchSha256": "327983504205ff1ec26a3c6804a83ae08802a7d4f723de280a92af708e3ea4ee", "changedOrAddedFiles": 17, "runtimePayloadsUnchanged": true, "dependenciesUnchanged": true, "manifestAndPermissionsUnchanged": true, "unchangedOutsideAuthScope": true, "baselineUnitTests": 392, "expectedUnitTests": 422, "newTestCounts": {"ToastFeedbackTest": 6, "ControllerAuthenticationTest": 11, "LegacyControllerCredentialTest": 3, "ControllerReadStateTest": 6, "PanelControllerErrorTest": 4}}, "pdfReferenceLayer": {"patchSha256": "09e5f3c1fec4ddcd86e546f6270bf687cbf14aa518764e640c7ff5f77e966d66", "frozenInputs": 332, "homeAndPanelUnchanged": true, "runtimePayloadsUnchanged": true, "manifestDependenciesAndSigningUnchanged": true, "expectedUnitTests": 479}, "toolsIntakeLayer": {"baseCommit": "2730954591393c1b81f747cef72adb8940c5a82c", "baseAndroidAppTree": "930994157562814a8e22aeeb1873d8eeb0a51f64", "patchSha256": "108ae764ec0a8cf9a5cafc827d093bedd0f039f6944f7cd9848304e0a2fb7b3b", "changedOrAddedFiles": 5, "frozenInputs": 374, "homeAndPanelUnchanged": true, "runtimePayloadsUnchanged": true, "manifestDependenciesAndSigningUnchanged": true, "baselineUnitTests": 479, "expectedUnitTests": 487, "newTestCounts": {"tools.ToolsDnsConsentIntakeTest": 5, "tools.ToolsDiagIntakeTest": 3}}, "finalPdfGeometryLayer": {"baseCommit": "ec211b9ad81748dee30fec43f0a25849559e4623", "patchSha256": "564581886f89da03b19602a67047016051e9b39abf04047f4b51e00d6b5d9066", "changedOrAddedFiles": 4, "frozenInputs": 375, "expectedUnitTests": 487, "exactWholeFilePresentationTransforms": true, "priorLayersUnchanged": true}, "functionFixLayer": {"baseCommit": "1dbe40cc4e312c230524092dfe32a2c6cfb5f25d", "patchSha256": "ad70b0c670e70b65a4dfa4b571c9c9dda4144dee1c899ca082c03c93e235d65a", "changedOrAddedFiles": 16, "frozenInputs": 370, "baselineUnitTests": 487, "expectedUnitTests": 545, "expectedTestXmlFiles": 56, "newTestCounts": {"io.github.xgl34222220.hetu.PanelExpansionAnchorTest": 4, "io.github.xgl34222220.hetu.ProxyDashboardProbeSafetyTest": 13, "io.github.xgl34222220.hetu.ProxySubscriptionIntegrityTest": 12, "io.github.xgl34222220.hetu.RootFakeIpRangesTest": 13, "io.github.xgl34222220.hetu.PanelRequestOwnershipTest": 16}, "allOriginal487TestsPreserved": true, "rootScriptSha256": "bdee8678922f3c4cdb12ebab532175e67816dce429b64fa632c6641c4fb2d45e", "runtimePayloadCount": 23}, "homePanelLayer": {"baseCommit": "13e76ea500849ef551281bcfad09835996758b4f", "patchSha256": "94b7cd170204072f7b1ca76cde5280575fd82fd0bf6e33446c5362160445bcf2", "changedOrAddedFiles": 28, "versionCode": 2086, "versionName": "0.12.16-v20-fix", "protectedRuntimeUnchanged": true, "reproducedSourceMatchesCheckout": true}, "toolsSettingsUiLayer": {"baseCommit": "a5d5cc06fd8f294e17495e132ecf1f5de31135f8", "patchSha256": "74c5a00161b20dac4686d5053a92da60899bd37ddfdf25c140ed4aff4961335e", "changedOrAddedFiles": 51, "versionCode": 2086, "versionName": "0.12.16-v20-fix", "protectedRuntimeUnchanged": true, "reproducedSourceMatchesCheckout": true}, "runtime153Layer": {"baseCommit": "e2e50b14eaa09b8f36a657699775b5f2fd7b2c9e", "patchSha256": "8b9c3c52b8192fe8c6cd1e5e392e5a7b237dd958e4c5d1322d727087efcc70df", "changedOrAddedFiles": 8, "runtimeRevision": 153, "versionCode": 2086, "versionName": "0.12.16-v20-fix", "protectedPresentationUnchanged": true, "reproducedSourceMatchesCheckout": true}, "stability90Layer": {"baseCommit": "610a523ea524dff521b5d01e7aa78c421399594a", "patchSha256": "1011e91ab46403395a09160d55d748f4fbfafac25f60d289e0c6245dee0410a3", "changedOrAddedFiles": 48, "frozenInputs": 355, "versionCode": 2090, "versionName": "0.12.17-v20-glass", "expectedUnitTests": 631, "expectedTestXmlFiles": 64, "allOriginal545TestcaseIdentitiesPreserved": true, "reproducedSourceMatchesCheckout": true}, "continuity91Layer": {"baseCommit": "9fe4931b6e37a1a7f7f78fd27835069e2b354aa7", "patchSha256": "31ac89d27f647a5ca668597e8491edd5b34fb489b4b61f6c4887e8fe7e02cbce", "changedOrAddedFiles": 5, "frozenInputs": 400, "versionCode": 2091, "versionName": "0.12.18-v20-glass", "expectedUnitTests": 639, "expectedTestXmlFiles": 66, "allPredecessor631TestcaseIdentitiesPreserved": true, "reproducedSourceMatchesCheckout": true}, "continuity92Layer": {"baseCommit": "d7295d1aec1ffb17a0076d4dc9a8a4122d467447", "patchSha256": "054856ab79f5be356eac7a7be03f2c5990f9fa1b24bc5156d0a27b6a5f79034e", "changedOrAddedFiles": 4, "frozenInputs": 402, "versionCode": 2092, "versionName": "0.12.19-v20-glass", "expectedUnitTests": 644, "expectedTestXmlFiles": 67, "allPredecessor639TestcaseIdentitiesPreserved": true, "reproducedSourceMatchesCheckout": true}, "continuity93Layer": {"baseCommit": "cffeff08ee38c7220922bdb36de81b621c935daf", "patchSha256": "8645f7b7150eac6b0f93865158e5bd9269e193f172014f8390014b0209755b54", "changedOrAddedFiles": 39, "frozenInputs": 379, "versionCode": 2093, "versionName": "0.12.20-v20-glass", "expectedUnitTests": 706, "expectedTestXmlFiles": 77, "allPredecessor644TestcaseIdentitiesPreserved": true, "recoveryPipelineProvenance": "reimplemented after partial source recovery; historical final pipeline unavailable", "reproducedSourceMatchesCheckout": true}}
2026-10-08T19:00:07.3227991Z Snapshot verified: 21 unchanged runtime payloads + tested shell + 1 added boot script
2026-10-08T19:00:07.9870574Z test_core_birth_change_during_validation_refuses_publication (__main__.RootHealth.test_core_birth_change_during_validation_refuses_publication) ... ok
2026-10-08T19:00:08.5533090Z test_core_identity_failure_is_degraded_despite_reachable_listener_fixture (__main__.RootHealth.test_core_identity_failure_is_degraded_despite_reachable_listener_fixture) ... ok
2026-10-08T19:00:08.7986270Z test_corrupt_legacy_snapshot_is_never_accepted (__main__.RootHealth.test_corrupt_legacy_snapshot_is_never_accepted) ... ok
2026-10-08T19:00:09.5902812Z test_failed_metadata_publish_restores_original_manifest (__main__.RootHealth.test_failed_metadata_publish_restores_original_manifest) ... ok
2026-10-08T19:00:11.1064562Z test_known_upgrade_repairs_only_metadata_preserving_core_and_saved_rules (__main__.RootHealth.test_known_upgrade_repairs_only_metadata_preserving_core_and_saved_rules) ... ok
2026-10-08T19:00:12.5488193Z test_missing_listener_stays_degraded_and_is_not_hidden (__main__.RootHealth.test_missing_listener_stays_degraded_and_is_not_hidden) ... ok
2026-10-08T19:00:12.7721891Z test_missing_manifest_is_not_reconstructed_from_reachable_sockets (__main__.RootHealth.test_missing_manifest_is_not_reconstructed_from_reachable_sockets) ... ok
2026-10-08T19:00:14.4815830Z test_missing_owned_chain_and_duplicate_hook_are_repaired (__main__.RootHealth.test_missing_owned_chain_and_duplicate_hook_are_repaired) ... ok
2026-10-08T19:00:16.1747519Z test_missing_route_and_policy_rule_are_detected_and_repaired (__main__.RootHealth.test_missing_route_and_policy_rule_are_detected_and_repaired) ... ok
2026-10-08T19:00:17.2009319Z test_other_owner_at_priority_does_not_get_overwritten (__main__.RootHealth.test_other_owner_at_priority_does_not_get_overwritten) ... ok
2026-10-08T19:00:17.4551246Z test_other_session_difference_is_not_a_known_tail_migration (__main__.RootHealth.test_other_session_difference_is_not_a_known_tail_migration) ... ok
2026-10-08T19:00:17.6710362Z test_pid_tampering_still_invalidates_manifest (__main__.RootHealth.test_pid_tampering_still_invalidates_manifest) ... ok
2026-10-08T19:00:18.2472859Z test_previous_ordering_reproduces_reported_metadata_fault (__main__.RootHealth.test_previous_ordering_reproduces_reported_metadata_fault) ... ok
2026-10-08T19:00:18.4559399Z test_production_entry_refuses_an_unauthorized_root_identity (__main__.RootHealth.test_production_entry_refuses_an_unauthorized_root_identity) ... ok
2026-10-08T19:00:18.8341074Z test_real_start_google_disabled_has_complete_healthy_baseline (__main__.RootHealth.test_real_start_google_disabled_has_complete_healthy_baseline) ... ok
2026-10-08T19:00:19.2106649Z test_real_start_google_enabled_keeps_baseline_and_runs_cleanup (__main__.RootHealth.test_real_start_google_enabled_keeps_baseline_and_runs_cleanup) ... ok
2026-10-08T19:00:19.9753102Z test_reused_shell_pid_cannot_overwrite_an_older_repair_backup (__main__.RootHealth.test_reused_shell_pid_cannot_overwrite_an_older_repair_backup) ... ok
2026-10-08T19:00:20.1920389Z test_session_tampering_still_invalidates_manifest (__main__.RootHealth.test_session_tampering_still_invalidates_manifest) ... ok
2026-10-08T19:00:20.4075844Z test_snapshot_tampering_still_invalidates_checksum (__main__.RootHealth.test_snapshot_tampering_still_invalidates_checksum) ... ok
2026-10-08T19:00:20.6087918Z test_transaction_in_progress_is_unknown_and_read_only (__main__.RootHealth.test_transaction_in_progress_is_unknown_and_read_only) ... ok
2026-10-08T19:00:21.1234628Z test_unknown_table_read_does_not_mutate_network (__main__.RootHealth.test_unknown_table_read_does_not_mutate_network) ... ok
2026-10-08T19:00:21.7147747Z test_upgrade_with_missing_dns_listener_cannot_become_healthy (__main__.RootHealth.test_upgrade_with_missing_dns_listener_cannot_become_healthy) ... ok
2026-10-08T19:00:22.2946940Z test_upgrade_with_missing_route_is_reported_and_refuses_rebaselining (__main__.RootHealth.test_upgrade_with_missing_route_is_reported_and_refuses_rebaselining) ... ok
2026-10-08T19:00:22.8339329Z test_upgrade_with_unknown_read_refuses_metadata_and_network_changes (__main__.RootHealth.test_upgrade_with_unknown_read_refuses_metadata_and_network_changes) ... ok
2026-10-08T19:00:23.9931788Z test_watchdog_missing_is_degraded_and_does_not_trigger_network_repair (__main__.RootHealth.test_watchdog_missing_is_degraded_and_does_not_trigger_network_repair) ... ok
2026-10-08T19:00:24.9868069Z test_watchdog_pid_for_an_unrelated_live_process_is_not_accepted (__main__.RootHealth.test_watchdog_pid_for_an_unrelated_live_process_is_not_accepted) ... ok
2026-10-08T19:00:24.9868849Z 
2026-10-08T19:00:24.9869152Z ----------------------------------------------------------------------
2026-10-08T19:00:24.9869606Z Ran 26 tests in 17.596s
2026-10-08T19:00:24.9869786Z 
2026-10-08T19:00:24.9870165Z OK
2026-10-08T19:00:25.8710927Z test_both_families_google_reject_and_drop_removed_by_exact_spec (__main__.GoogleFirewall.test_both_families_google_reject_and_drop_removed_by_exact_spec) ... ok
2026-10-08T19:00:25.8819252Z test_changed_core_pid_never_changes_firewall (__main__.GoogleFirewall.test_changed_core_pid_never_changes_firewall) ... ok
2026-10-08T19:00:25.9752617Z test_current_uid_resolution_includes_work_profile_and_exact_package_names (__main__.GoogleFirewall.test_current_uid_resolution_includes_work_profile_and_exact_package_names) ... ok
2026-10-08T19:00:25.9847732Z test_disabled_session_never_enters_maintenance (__main__.GoogleFirewall.test_disabled_session_never_enters_maintenance) ... ok
2026-10-08T19:00:26.3316432Z test_failed_exact_delete_is_reported_without_flush_fallback (__main__.GoogleFirewall.test_failed_exact_delete_is_reported_without_flush_fallback) ... ok
2026-10-08T19:00:26.3432527Z test_failed_transaction_lock_never_changes_firewall (__main__.GoogleFirewall.test_failed_transaction_lock_never_changes_firewall) ... ok
2026-10-08T19:00:26.6942837Z test_globbing_state_and_wildcard_interface_are_preserved (__main__.GoogleFirewall.test_globbing_state_and_wildcard_interface_are_preserved) ... ok
2026-10-08T19:00:27.0545077Z test_healthy_hetu_rules_still_check_oem_google_rules (__main__.GoogleFirewall.test_healthy_hetu_rules_still_check_oem_google_rules) ... ok
2026-10-08T19:00:27.1507739Z test_no_google_packages_no_firewall_operation (__main__.GoogleFirewall.test_no_google_packages_no_firewall_operation) ... ok
2026-10-08T19:00:27.3019498Z test_older_oem_package_tool_fallback (__main__.GoogleFirewall.test_older_oem_package_tool_fallback) ... ok
2026-10-08T19:00:27.9724366Z test_repeated_cleanup_is_idempotent (__main__.GoogleFirewall.test_repeated_cleanup_is_idempotent) ... ok
2026-10-08T19:00:28.7061291Z test_sixty_second_rate_limit_and_oem_rule_reinsertion (__main__.GoogleFirewall.test_sixty_second_rate_limit_and_oem_rule_reinsertion) ... ok
2026-10-08T19:00:28.7323583Z test_start_protocol_accepts_legacy_and_supported_google_flag (__main__.GoogleFirewall.test_start_protocol_accepts_legacy_and_supported_google_flag) ... ok
2026-10-08T19:00:28.7564986Z test_start_protocol_rejects_invalid_flags_and_accepts_extended_controls (__main__.GoogleFirewall.test_start_protocol_rejects_invalid_flags_and_accepts_extended_controls) ... ok
2026-10-08T19:00:29.1085919Z test_uid_is_resolved_again_after_package_reinstall (__main__.GoogleFirewall.test_uid_is_resolved_again_after_package_reinstall) ... ok
2026-10-08T19:00:29.4583609Z test_unavailable_ipv6_is_nonfatal (__main__.GoogleFirewall.test_unavailable_ipv6_is_nonfatal) ... ok
2026-10-08T19:00:29.8189516Z test_unrelated_uid_accept_inverted_range_and_quoted_rules_preserved (__main__.GoogleFirewall.test_unrelated_uid_accept_inverted_range_and_quoted_rules_preserved) ... ok
2026-10-08T19:00:29.8190633Z 
2026-10-08T19:00:29.8191243Z ----------------------------------------------------------------------
2026-10-08T19:00:29.8191858Z Ran 17 tests in 4.772s
2026-10-08T19:00:29.8192085Z 
2026-10-08T19:00:29.8192213Z OK
2026-10-08T19:00:29.8882933Z test_active_duplicate_worker_cannot_remove_its_lock (__main__.BootWorker.test_active_duplicate_worker_cannot_remove_its_lock) ... ok
2026-10-08T19:00:29.9247090Z test_app_launch_denial_does_not_undo_native_start (__main__.BootWorker.test_app_launch_denial_does_not_undo_native_start) ... ok
2026-10-08T19:00:30.8928739Z test_delayed_system_and_network_still_restore_once (__main__.BootWorker.test_delayed_system_and_network_still_restore_once) ... ok
2026-10-08T19:00:30.9205332Z test_disable_during_wait_cancels (__main__.BootWorker.test_disable_during_wait_cancels) ... ok
2026-10-08T19:00:30.9250147Z test_disabled_never_starts (__main__.BootWorker.test_disabled_never_starts) ... ok
2026-10-08T19:00:30.9497980Z test_existing_core_is_adopted_without_restart (__main__.BootWorker.test_existing_core_is_adopted_without_restart) ... ok
2026-10-08T19:00:31.0181952Z test_failed_start_retries_then_succeeds (__main__.BootWorker.test_failed_start_retries_then_succeeds) ... ok
2026-10-08T19:00:31.0407818Z test_missing_plan_reports_failure (__main__.BootWorker.test_missing_plan_reports_failure) ... ok
2026-10-08T19:00:32.2929795Z test_network_wait_has_a_bound (__main__.BootWorker.test_network_wait_has_a_bound) ... ok
2026-10-08T19:00:32.3283605Z test_previous_boot_stop_does_not_block_new_boot (__main__.BootWorker.test_previous_boot_stop_does_not_block_new_boot) ... ok
2026-10-08T19:00:32.3674949Z test_stale_previous_boot_lock_does_not_block_restore (__main__.BootWorker.test_stale_previous_boot_lock_does_not_block_restore) ... ok
2026-10-08T19:00:32.4048728Z test_stop_during_network_wait_cancels_this_boot (__main__.BootWorker.test_stop_during_network_wait_cancels_this_boot) ... ok
2026-10-08T19:00:32.4192433Z test_native_guard_does_not_restart_a_winning_manual_start (__main__.NativeStartGuard.test_native_guard_does_not_restart_a_winning_manual_start) ... ok
2026-10-08T19:00:32.4334306Z test_native_guard_rechecks_disabled_setting (__main__.NativeStartGuard.test_native_guard_rechecks_disabled_setting) ... ok
2026-10-08T19:00:32.4484477Z test_native_guard_rechecks_explicit_stop_after_lock (__main__.NativeStartGuard.test_native_guard_rechecks_explicit_stop_after_lock) ... ok
2026-10-08T19:00:32.4624383Z test_native_guard_rejects_wrong_boot (__main__.NativeStartGuard.test_native_guard_rejects_wrong_boot) ... ok
2026-10-08T19:00:32.4763804Z test_normal_manual_start_is_not_subject_to_boot_guard (__main__.NativeStartGuard.test_normal_manual_start_is_not_subject_to_boot_guard) ... ok
2026-10-08T19:00:32.4764727Z 
2026-10-08T19:00:32.4765123Z ----------------------------------------------------------------------
2026-10-08T19:00:32.4765719Z Ran 17 tests in 2.602s
2026-10-08T19:00:32.4765954Z 
2026-10-08T19:00:32.4766093Z OK
2026-10-08T19:00:34.4882863Z {"after": {"cycles": 512, "maxQueuedRecoveries": 1, "drainedAttempts": 1, "latestExecuted": 1, "cancelledWantedExecuted": 0, "eventDuringAttemptPreserved": true, "cancelledTimersRetained": 0, "sourceSha256": "43018298725f0163e59d61eec00d2dc6d8fdb8af0f4d92417d8d175b7cfd3adf", "fixtureOnly": true, "deviceOrNetworkAccess": false}, "before": {"cycles": 512, "maxQueuedRecoveries": 512, "drainedAttempts": 512, "latestExecuted": 1, "cancelledWantedExecuted": 0, "eventDuringAttemptPreserved": true, "cancelledTimersRetained": 4096, "sourceSha256": "b50773343de46622658e65b48a3e00a96863d74033f561fd6bdab304402ae1cd", "fixtureOnly": true, "deviceOrNetworkAccess": false}}
2026-10-08T19:00:38.7383209Z {"after": {"attempts": 3000, "storageLimitBytes": 8192, "storedBytes": 8016, "dropped": 2952, "fullStatusVisible": true, "sensitiveStoredMetadataCopied": false, "oversizedHealthEventBytes": 217, "viewTruncationVisible": true, "sourceSha256": "7286b492510377060d5cd32f2b575e264a4b86f6d51cee8a308dbf8abda45621", "fixtureOnly": true, "deviceOrNetworkAccess": false}, "before": {"attempts": 3000, "storageLimitBytes": 8192, "storedBytes": 501000, "dropped": 0, "fullStatusVisible": false, "sensitiveStoredMetadataCopied": true, "oversizedHealthEventBytes": 200190, "viewTruncationVisible": false, "sourceSha256": "8c8fcf2f77897e079c3ca2cd395fe2b3a0b3cf4fdce16931f3d7bc87e961cf9c", "fixtureOnly": true, "deviceOrNetworkAccess": false}}
2026-10-08T19:00:41.3770459Z {"after": {"captured": ["example.Worker.toDynamicScheme-Iv8Zu3U:41", "example.Worker.<init>:41", "example.Worker.<clinit>:41"], "copied": ["example.Worker.toDynamicScheme-Iv8Zu3U:41", "example.Worker.<init>:41", "example.Worker.<clinit>:41"], "hostileSymbolsRejected": 5, "privateMessageOrFileCopied": false, "sourceSha256": "7286b492510377060d5cd32f2b575e264a4b86f6d51cee8a308dbf8abda45621", "fixtureOnly": true, "deviceOrNetworkAccess": false}, "before": {"captured": ["redacted-frame", "redacted-frame", "redacted-frame"], "copied": ["redacted-frame", "redacted-frame", "redacted-frame"], "hostileSymbolsRejected": 5, "privateMessageOrFileCopied": false, "sourceSha256": "83980b0576665cbcc8d0583758f4d911c3356aed7db8bf37e6ff0d2df2d87b51", "fixtureOnly": true, "deviceOrNetworkAccess": false}}
2026-10-08T19:00:41.4465490Z test_busybox_that_yields_root_net_admin_becomes_the_runner (__main__.CoreIdentity.test_busybox_that_yields_root_net_admin_becomes_the_runner) ... ok
2026-10-08T19:00:41.4547271Z test_confirmation_trusts_only_what_the_kernel_reports (__main__.CoreIdentity.test_confirmation_trusts_only_what_the_kernel_reports) ... FAIL
2026-10-08T19:00:41.4841371Z test_kernel_without_the_combined_owner_match_keeps_the_old_start (__main__.CoreIdentity.test_kernel_without_the_combined_owner_match_keeps_the_old_start) ... FAIL
2026-10-08T19:00:41.4975528Z test_numeric_spec_is_the_fallback (__main__.CoreIdentity.test_numeric_spec_is_the_fallback) ... ok
2026-10-08T19:00:41.5067206Z test_opt_out_marker_keeps_the_old_start (__main__.CoreIdentity.test_opt_out_marker_keeps_the_old_start) ... ok
2026-10-08T19:00:41.5147187Z test_resolver_capture_needs_dns_takeover_and_an_xtables_mode (__main__.CoreIdentity.test_resolver_capture_needs_dns_takeover_and_an_xtables_mode) ... FAIL
2026-10-08T19:00:41.5489910Z test_wrong_identity_or_missing_applet_keeps_the_old_start (__main__.CoreIdentity.test_wrong_identity_or_missing_applet_keeps_the_old_start) ... ok
2026-10-08T19:00:41.9070104Z test_rules_without_the_core_identity_match_runtime_152 (__main__.LegacyParity.test_rules_without_the_core_identity_match_runtime_152) ... ok
2026-10-08T19:00:41.9170300Z test_captured_exempts_only_the_core_and_lets_fake_ip_flows_through (__main__.RuleShapes.test_captured_exempts_only_the_core_and_lets_fake_ip_flows_through) ... ok
2026-10-08T19:00:41.9268081Z test_captured_ipv6_uses_the_ipv6_fake_range (__main__.RuleShapes.test_captured_ipv6_uses_the_ipv6_fake_range) ... ok
2026-10-08T19:00:41.9460476Z test_dns_protocol_switches_select_the_redirected_protocols (__main__.RuleShapes.test_dns_protocol_switches_select_the_redirected_protocols) ... ok
2026-10-08T19:00:41.9470394Z test_dot_guard_chain_is_owned_cleaned_and_recorded (__main__.RuleShapes.test_dot_guard_chain_is_owned_cleaned_and_recorded) ... ok
2026-10-08T19:00:41.9549927Z test_dot_guard_refuses_only_the_resolver_probe (__main__.RuleShapes.test_dot_guard_refuses_only_the_resolver_probe) ... ok
2026-10-08T19:00:41.9652913Z test_group_exemption_keeps_its_direct_path_for_real_addresses_only (__main__.RuleShapes.test_group_exemption_keeps_its_direct_path_for_real_addresses_only) ... ok
2026-10-08T19:00:41.9742952Z test_selected_applications_redirect_mode_redirects_fake_ip_tcp (__main__.RuleShapes.test_selected_applications_redirect_mode_redirects_fake_ip_tcp) ... ok
2026-10-08T19:00:41.9837721Z test_selected_applications_scope_gets_a_resolver_redirect_and_fake_ip_entries (__main__.RuleShapes.test_selected_applications_scope_gets_a_resolver_redirect_and_fake_ip_entries) ... ok
2026-10-08T19:00:41.9931095Z test_selected_applications_scope_is_untouched_while_the_resolver_is_exempt (__main__.RuleShapes.test_selected_applications_scope_is_untouched_while_the_resolver_is_exempt) ... ok
2026-10-08T19:00:42.0025618Z test_selected_applications_scope_marks_use_the_script_mark (__main__.RuleShapes.test_selected_applications_scope_marks_use_the_script_mark) ... ok
2026-10-08T19:00:42.0122596Z test_without_the_core_identity_every_root_socket_stays_out_of_dns_takeover (__main__.RuleShapes.test_without_the_core_identity_every_root_socket_stays_out_of_dns_takeover) ... ok
2026-10-08T19:00:42.1659820Z test_cpu_mask (__main__.Tuning.test_cpu_mask) ... ok
2026-10-08T19:00:42.2169233Z test_invalid_values_are_named_before_anything_changes (__main__.Tuning.test_invalid_values_are_named_before_anything_changes) ... ok
2026-10-08T19:00:42.3937007Z test_memory_limit_bytes (__main__.Tuning.test_memory_limit_bytes) ... ok
2026-10-08T19:00:42.4190839Z test_tuning_report_names_each_requested_control (__main__.Tuning.test_tuning_report_names_each_requested_control) ... ok
2026-10-08T19:00:42.4191715Z 
2026-10-08T19:00:42.4192088Z ======================================================================
2026-10-08T19:00:42.4193470Z FAIL: test_confirmation_trusts_only_what_the_kernel_reports (__main__.CoreIdentity.test_confirmation_trusts_only_what_the_kernel_reports)
2026-10-08T19:00:42.4194734Z ----------------------------------------------------------------------
2026-10-08T19:00:42.4195375Z Traceback (most recent call last):
2026-10-08T19:00:42.4196462Z   File "/home/runner/work/hetu/hetu/tools/qa/test_core_identity_dns.py", line 232, in test_confirmation_trusts_only_what_the_kernel_reports
2026-10-08T19:00:42.4197639Z     self.assertEqual(self.confirm('3005'), 'gid=3005 dns=captured')
2026-10-08T19:00:42.4198469Z AssertionError: 'gid= dns=exempt' != 'gid=3005 dns=captured'
2026-10-08T19:00:42.4199025Z - gid= dns=exempt
2026-10-08T19:00:42.4199393Z + gid=3005 dns=captured
2026-10-08T19:00:42.4199607Z 
2026-10-08T19:00:42.4199615Z 
2026-10-08T19:00:42.4199926Z ======================================================================
2026-10-08T19:00:42.4201921Z FAIL: test_kernel_without_the_combined_owner_match_keeps_the_old_start (__main__.CoreIdentity.test_kernel_without_the_combined_owner_match_keeps_the_old_start)
2026-10-08T19:00:42.4203207Z ----------------------------------------------------------------------
2026-10-08T19:00:42.4203848Z Traceback (most recent call last):
2026-10-08T19:00:42.4204959Z   File "/home/runner/work/hetu/hetu/tools/qa/test_core_identity_dns.py", line 222, in test_kernel_without_the_combined_owner_match_keeps_the_old_start
2026-10-08T19:00:42.4206422Z     self.assertEqual(self.prepare({'XT6_FAIL': '--gid-owner'}), f'runner={self.busybox} spec=root:net_admin dns=exempt')
2026-10-08T19:00:42.4208345Z AssertionError: 'runner= spec= dns=exempt' != 'runner=/tmp/hetu-core-identity-qa-pizgrvtp/magis[49 chars]empt'
2026-10-08T19:00:42.4209231Z - runner= spec= dns=exempt
2026-10-08T19:00:42.4210283Z + runner=/tmp/hetu-core-identity-qa-pizgrvtp/magisk-root/.magisk/busybox spec=root:net_admin dns=exempt
2026-10-08T19:00:42.4211256Z 
2026-10-08T19:00:42.4211266Z 
2026-10-08T19:00:42.4211624Z ======================================================================
2026-10-08T19:00:42.4213128Z FAIL: test_resolver_capture_needs_dns_takeover_and_an_xtables_mode (__main__.CoreIdentity.test_resolver_capture_needs_dns_takeover_and_an_xtables_mode)
2026-10-08T19:00:42.4214752Z ----------------------------------------------------------------------
2026-10-08T19:00:42.4215454Z Traceback (most recent call last):
2026-10-08T19:00:42.4216644Z   File "/home/runner/work/hetu/hetu/tools/qa/test_core_identity_dns.py", line 239, in test_resolver_capture_needs_dns_takeover_and_an_xtables_mode
2026-10-08T19:00:42.4217962Z     self.assertEqual(self.confirm('3005', dns='off'), 'gid=3005 dns=exempt')
2026-10-08T19:00:42.4218817Z AssertionError: 'gid= dns=exempt' != 'gid=3005 dns=exempt'
2026-10-08T19:00:42.4219321Z - gid= dns=exempt
2026-10-08T19:00:42.4219766Z + gid=3005 dns=exempt
2026-10-08T19:00:42.4220131Z ?     ++++
2026-10-08T19:00:42.4220313Z 
2026-10-08T19:00:42.4220322Z 
2026-10-08T19:00:42.4220940Z ----------------------------------------------------------------------
2026-10-08T19:00:42.4221563Z Ran 23 tests in 0.984s
2026-10-08T19:00:42.4221796Z 
2026-10-08T19:00:42.4221962Z FAILED (failures=3)
2026-10-08T19:00:42.4299088Z ##[error]Process completed with exit code 1.
2026-10-08T19:00:42.4456271Z ##[group]Run python3 .github/scripts/verify_stability90_supplemental.py --results out/supplemental36/test-results
2026-10-08T19:00:42.4457132Z [36;1mpython3 .github/scripts/verify_stability90_supplemental.py --results out/supplemental36/test-results[0m
2026-10-08T19:00:42.4519017Z shell: /usr/bin/bash -e {0}
2026-10-08T19:00:42.4519270Z env:
2026-10-08T19:00:42.4519553Z   HETU_TEST_KEYSTORE: /home/runner/.android/hetu-ui10-debug.jks
2026-10-08T19:00:42.4519921Z   HETU_EXPECTED_TESTS: 706
2026-10-08T19:00:42.4520172Z   HETU_EXPECTED_TEST_XML_FILES: 77
2026-10-08T19:00:42.4520437Z   HETU_EXPECTED_VERSION: 2093
2026-10-08T19:00:42.4520858Z   HETU_EXPECTED_VERSION_NAME: 0.12.20-v20-glass
2026-10-08T19:00:42.4521145Z ##[endgroup]
2026-10-08T19:00:42.5662414Z Traceback (most recent call last):
2026-10-08T19:00:42.5663582Z   File "/home/runner/work/hetu/hetu/.github/scripts/verify_stability90_supplemental.py", line 56, in <module>
2026-10-08T19:00:42.5664677Z     report = verify(args.results)
2026-10-08T19:00:42.5665035Z              ^^^^^^^^^^^^^^^^^^^^
2026-10-08T19:00:42.5665722Z   File "/home/runner/work/hetu/hetu/.github/scripts/verify_stability90_supplemental.py", line 43, in verify
2026-10-08T19:00:42.5666739Z     assert set(suites) == set(expected), ('Missing supplemental suites', sorted(set(expected) - set(suites)))
2026-10-08T19:00:42.5667394Z            ^^^^^^^^^^^^^^^^^^^^^^^^^^^^
2026-10-08T19:00:42.5668847Z AssertionError: ('Missing supplemental suites', ['io.github.xgl34222220.hetu.CompactHomeDashboardTest', 'io.github.xgl34222220.hetu.NodeSelectionContinuityTest', 'io.github.xgl34222220.hetu.Ui92IntegrationTest'])
2026-10-08T19:00:42.5806511Z ##[error]Process completed with exit code 1.
2026-10-08T19:00:42.5878642Z ##[group]Run actions/upload-artifact@v4
2026-10-08T19:00:42.5878954Z with:
2026-10-08T19:00:42.5879187Z   name: Hetu-V20.93-supplemental-36-tests
2026-10-08T19:00:42.5879489Z   path: out/supplemental36/
2026-10-08T19:00:42.5879765Z   if-no-files-found: error
2026-10-08T19:00:42.5880010Z   compression-level: 6
2026-10-08T19:00:42.5880236Z   overwrite: false
2026-10-08T19:00:42.5880454Z   include-hidden-files: false
2026-10-08T19:00:42.5881013Z env:
2026-10-08T19:00:42.5881302Z   HETU_TEST_KEYSTORE: /home/runner/.android/hetu-ui10-debug.jks
2026-10-08T19:00:42.5881661Z   HETU_EXPECTED_TESTS: 706
2026-10-08T19:00:42.5881914Z   HETU_EXPECTED_TEST_XML_FILES: 77
2026-10-08T19:00:42.5882182Z   HETU_EXPECTED_VERSION: 2093
2026-10-08T19:00:42.5882457Z   HETU_EXPECTED_VERSION_NAME: 0.12.20-v20-glass
2026-10-08T19:00:42.5882752Z ##[endgroup]
2026-10-08T19:00:42.7587766Z (node:31518) [DEP0040] DeprecationWarning: The `punycode` module is deprecated. Please use a userland alternative instead.
2026-10-08T19:00:42.7588712Z (Use `node --trace-deprecation ...` to show where the warning was created)
2026-10-08T19:00:42.7659065Z With the provided path, there will be 1 file uploaded
2026-10-08T19:00:42.7663697Z Artifact name is valid!
2026-10-08T19:00:42.7664911Z Root directory input is valid!
2026-10-08T19:00:43.1813935Z Beginning upload of artifact content to blob storage
2026-10-08T19:00:43.2002947Z (node:31518) [DEP0169] DeprecationWarning: `url.parse()` behavior is not standardized and prone to errors that have security implications. Use the WHATWG URL API instead. CVEs are not issued for `url.parse()` vulnerabilities.
2026-10-08T19:00:43.5020999Z Uploaded bytes 379
2026-10-08T19:00:43.5837116Z Finished uploading artifact content to blob storage!
2026-10-08T19:00:43.5838204Z SHA256 digest of uploaded artifact zip is 5c04d03645246d6ec45b20fd1278939ac69e8212ff6a61842c0a65fbea304f22
2026-10-08T19:00:43.5840795Z Finalizing artifact upload
2026-10-08T19:00:43.8822070Z Artifact Hetu-V20.93-supplemental-36-tests.zip successfully finalized. Artifact ID 11573050057
2026-10-08T19:00:43.8823986Z Artifact Hetu-V20.93-supplemental-36-tests has been successfully uploaded! Final size is 379 bytes. Artifact ID is 11573050057
2026-10-08T19:00:43.8830399Z Artifact download URL: https://github.com/xgl34222220-ops/hetu/actions/runs/37828470811/artifacts/11573050057
2026-10-08T19:00:43.8972877Z ##[group]Run actions/upload-artifact@v4
2026-10-08T19:00:43.8973197Z with:
2026-10-08T19:00:43.8973416Z   if-no-files-found: warn
2026-10-08T19:00:43.8973679Z   name: Hetu-V20.93-UI-verification
2026-10-08T19:00:43.8976136Z   path: android-app/app/build/test-results/testDebugUnitTest/
android-app/app/build/reports/tests/testDebugUnitTest/
android-app/app/build/reports/lint-results-debug.*
android-app/app/build/outputs/pdf85/
android-app/app/build/outputs/ui83/
android-app/app/build/outputs/concept59/
android-app/app/build/outputs/concept-state-coverage/
android-app/app/build/outputs/concept-remaining-coverage/
out/verification/
docs/qa/concept-173-current.json
docs/qa/concept-173-current.md

android-app/app/build/outputs/glass90/
android-app/app/build/outputs/startup-config-feedback/
android-app/app/build/outputs/ui93/
android-app/app/build/outputs/glass91/

2026-10-08T19:00:43.8978582Z   compression-level: 6
2026-10-08T19:00:43.8978815Z   overwrite: false
2026-10-08T19:00:43.8979063Z   include-hidden-files: false
2026-10-08T19:00:43.8979305Z env:
2026-10-08T19:00:43.8979571Z   HETU_TEST_KEYSTORE: /home/runner/.android/hetu-ui10-debug.jks
2026-10-08T19:00:43.8979924Z   HETU_EXPECTED_TESTS: 706
2026-10-08T19:00:43.8980178Z   HETU_EXPECTED_TEST_XML_FILES: 77
2026-10-08T19:00:43.8980443Z   HETU_EXPECTED_VERSION: 2093
2026-10-08T19:00:43.8980998Z   HETU_EXPECTED_VERSION_NAME: 0.12.20-v20-glass
2026-10-08T19:00:43.8981305Z ##[endgroup]
2026-10-08T19:00:44.0654955Z (node:31530) [DEP0040] DeprecationWarning: The `punycode` module is deprecated. Please use a userland alternative instead.
2026-10-08T19:00:44.0656352Z (Use `node --trace-deprecation ...` to show where the warning was created)
2026-10-08T19:00:44.0797395Z Multiple search paths detected. Calculating the least common ancestor of all paths
2026-10-08T19:00:44.0806455Z The least common ancestor is /home/runner/work/hetu/hetu. This will be the root directory of the artifact
2026-10-08T19:00:44.0807609Z With the provided path, there will be 19 files uploaded
2026-10-08T19:00:44.0810877Z Artifact name is valid!
2026-10-08T19:00:44.0811999Z Root directory input is valid!
2026-10-08T19:00:44.4658467Z Beginning upload of artifact content to blob storage
2026-10-08T19:00:44.5203600Z (node:31530) [DEP0169] DeprecationWarning: `url.parse()` behavior is not standardized and prone to errors that have security implications. Use the WHATWG URL API instead. CVEs are not issued for `url.parse()` vulnerabilities.
2026-10-08T19:00:45.0177190Z Uploaded bytes 101221
2026-10-08T19:00:45.0987822Z Finished uploading artifact content to blob storage!
2026-10-08T19:00:45.0989614Z SHA256 digest of uploaded artifact zip is 99f0698805dd361014df1a7e705d3d2ec7148daf17b61c68cbf1f172218b2063
2026-10-08T19:00:45.0991315Z Finalizing artifact upload
2026-10-08T19:00:45.4035516Z Artifact Hetu-V20.93-UI-verification.zip successfully finalized. Artifact ID 11572288064
2026-10-08T19:00:45.4037513Z Artifact Hetu-V20.93-UI-verification has been successfully uploaded! Final size is 101221 bytes. Artifact ID is 11572288064
2026-10-08T19:00:45.4042704Z Artifact download URL: https://github.com/xgl34222220-ops/hetu/actions/runs/37828470811/artifacts/11572288064
2026-10-08T19:00:45.4257697Z Post job cleanup.
2026-10-08T19:00:45.5129470Z [command]/usr/bin/git version
2026-10-08T19:00:45.5178188Z git version 2.55.0
2026-10-08T19:00:45.5224562Z Temporarily overriding HOME='/home/runner/work/_temp/b025bf14-29a9-4f64-8565-286baae70f7d' before making global git config changes
2026-10-08T19:00:45.5226586Z Adding repository directory to the temporary git global config as a safe directory
2026-10-08T19:00:45.5231279Z [command]/usr/bin/git config --global --add safe.directory /home/runner/work/hetu/hetu
2026-10-08T19:00:45.5274229Z [command]/usr/bin/git config --local --name-only --get-regexp core\.sshCommand
2026-10-08T19:00:45.5310893Z [command]/usr/bin/git submodule foreach --recursive sh -c "git config --local --name-only --get-regexp 'core\.sshCommand' && git config --local --unset-all 'core.sshCommand' || :"
2026-10-08T19:00:45.5566699Z [command]/usr/bin/git config --local --name-only --get-regexp http\.https\:\/\/github\.com\/\.extraheader
2026-10-08T19:00:45.5604413Z http.https://github.com/.extraheader
2026-10-08T19:00:45.5618655Z [command]/usr/bin/git config --local --unset-all http.https://github.com/.extraheader
2026-10-08T19:00:45.5660589Z [command]/usr/bin/git submodule foreach --recursive sh -c "git config --local --name-only --get-regexp 'http\.https\:\/\/github\.com\/\.extraheader' && git config --local --unset-all 'http.https://github.com/.extraheader' || :"
2026-10-08T19:00:45.5926672Z [command]/usr/bin/git config --local --name-only --get-regexp ^includeIf\.gitdir:
2026-10-08T19:00:45.5969042Z [command]/usr/bin/git submodule foreach --recursive git config --local --show-origin --name-only --get-regexp remote.origin.url
2026-10-08T19:00:45.6407853Z Cleaning up orphan processes
2026-10-08T19:00:45.6679870Z ##[warning]Node.js 20 is deprecated. The following actions target Node.js 20 but are being forced to run on Node.js 24: actions/checkout@v4, actions/setup-node@v4, actions/upload-artifact@v4. For more information see: https://github.blog/changelog/2025-09-19-deprecation-of-node-20-on-github-actions-runners/

